Script started on Mon 09 Mar 2015 02:24:13 AM PDT
~
skuo004@hammer $ cds10[K[K[K[Ks100
[0;91m
===============================================================================
|                                                                             |
| You have enabled settings specific for cs100.  Everything you do is being   |
| recorded to measure your progress in the class.                             |
|                                                                             |
| Important commands for the class:                                           |
|   * calcgrade.sh          displays a detailed breakdown of your grade       |
|   * typespeed             practice typing unix commands                     |
|                                                                             |
| Important commands for general C++ programming:                             |
|   * make                  don't call g++ manually; let make do the work!    |
|   * gdb                   the GNU debugger                                  |
|   * valgrind              get rid of your memory leaks                      |
|   * cppcheck              static analysis tool                              |
|   * man                   find help about any syscall / terminal command    |
|                                                                             |
===============================================================================
[0m
[s%%%%%%%%%%[u[0;32mskuo004[0;36m@[0;32mcs100[0;36m:[0;32m~[0;95m [0;36m$[0m cd cs100/rshell/rshell
[s%%%%%%%%%%[u[0;32mskuo004[0;36m@[0;32mcs100[0;36m:[0;32m~/cs100/rshell/rshell[0;95m (hw3) [0;36m$[0m cppcheck.b[K[K b[Ksrc/rshell.cpp
Checking src/rshell.cpp...
[s%%%%%%%%%%[u[0;32mskuo004[0;36m@[0;32mcs100[0;36m:[0;32m~/cs100/rshell/rshell[0;95m (hw3) [0;36m$[0m valgrind bin/rshell.cpp
valgrind: bin/rshell.cpp: No such file or directory
[s%%%%%%%%%%[u[0;32mskuo004[0;36m@[0;32mcs100[0;36m:[0;32m~/cs100/rshell/rshell[0;95m (hw3) [0;36m$[0m valgrind bin/rshell.cpp[K[K[K[K
==18293== Memcheck, a memory error detector
==18293== Copyright (C) 2002-2012, and GNU GPL'd, by Julian Seward et al.
==18293== Using Valgrind-3.8.1 and LibVEX; rerun with -h for copyright info
==18293== Command: bin/rshell
==18293== 
$ cd  pwd
/class/classes/skuo004/cs100/rshell/rshell
$ cd    ls
asdf.txt     LICENSE		    Makefile.BASE.28570    README.md  test.txt
bin	     Makefile		    Makefile.LOCAL.28570   src
fixlist.txt  Makefile.BACKUP.28570  Makefile.REMOTE.28570  tests
$ cd src && pwd #tsting       esting cd
/class/classes/skuo004/cs100/rshell/rshell/src
$  cd .. &&  pwd #testing relative dir
/class/classes/skuo004/cs100/rshell/rshell
$ cd .^  ^^H%^H^H        % ^^  && pwd #ucrr    current dir
/class/classes/skuo004/cs100/rshell/rshell
$ cd @#  #noargs
$ pwd
/class/classes/skuo004
$  cd   cd cs100
$ cd ~ # ^^H&    && pwd
/class/classes/skuo004
$ cd /class/classes/skuo004/cs100/rshell &  /rshell&  && pwd #as bsolut  e dirs    path
/class/classes/skuo004/cs100/rshell/rshell
$ #testing ^c C
$ ^C
$ #running infini      por  rogram using ls  s rshell and interrupting iwth ^c^HC
$ ../../test/infloop.o
XXXXX^C$ #interru        cd  # a  this also demonstrates run   using execv
$ cd ../../test
$ inflk oop.o
X^C$ ./infloop.o
X^C$ /classes/   /classes/skuo004/cs100/rshell/rshe           test/infloop.o
XX^C$ echo hello          pwd
/class/classes/skuo004/cs100/test
$ echo hello ^^H   || p cd &&pwd
hello
$ pwd
/class/classes/skuo004/cs100/test
$ echo goodbye && cd ..
goodbye
$ pwd
/class/classes/skuo004/cs100
$ true && ./test/infloop.o
XX^C$ false && t ./test/infloop.o
$ exit
==18293== 
==18293== HEAP SUMMARY:
==18293==     in use at exit: 29 bytes in 1 blocks
==18293==   total heap usage: 428 allocs, 427 frees, 11,965 bytes allocated
==18293== 
==18293== LEAK SUMMARY:
==18293==    definitely lost: 0 bytes in 0 blocks
==18293==    indirectly lost: 0 bytes in 0 blocks
==18293==      possibly lost: 29 bytes in 1 blocks
==18293==    still reachable: 0 bytes in 0 blocks
==18293==         suppressed: 0 bytes in 0 blocks
==18293== Rerun with --leak-check=full to see details of leaked memory
==18293== 
==18293== For counts of detected and suppressed errors, rerun with: -v
==18293== ERROR SUMMARY: 0 errors from 0 contexts (suppressed: 6 from 6)
[s%%%%%%%%%%[u[0;32mskuo004[0;36m@[0;32mcs100[0;36m:[0;32m~/cs100/rshell/rshell[0;95m (hw3) [0;36m$[0m exit
exit
~
skuo004@hammer $ exit
exit

Script done on Mon 09 Mar 2015 02:30:02 AM PDT
